2026/02/16 00:45:32 [notice] 1#1: using the "epoll" event method
2026/02/16 00:45:32 [notice] 1#1: nginx/1.29.5
2026/02/16 00:45:32 [notice] 1#1: built by gcc 15.2.0 (Alpine 15.2.0) 
2026/02/16 00:45:32 [notice] 1#1: OS: Linux 6.12.15-orbstack-00304-gd0ddcf70447d
2026/02/16 00:45:32 [notice] 1#1: getrlimit(RLIMIT_NOFILE): 1048576:1048576
2026/02/16 00:45:32 [notice] 1#1: start worker processes
2026/02/16 00:45:32 [notice] 1#1: start worker process 20
2026/02/16 00:45:32 [notice] 1#1: start worker process 21
2026/02/16 00:45:32 [notice] 1#1: start worker process 22
2026/02/16 00:45:32 [notice] 1#1: start worker process 23
2026/02/16 00:45:32 [notice] 1#1: start worker process 24
2026/02/16 00:45:32 [notice] 1#1: start worker process 25
2026/02/16 00:45:32 [notice] 1#1: start worker process 26
2026/02/16 00:45:32 [notice] 1#1: start worker process 27
2026/02/16 00:45:32 [notice] 1#1: start worker process 28
2026/02/16 00:45:32 [notice] 1#1: start worker process 29
2026/02/16 00:45:47 [notice] 1#1: signal 3 (SIGQUIT) received, shutting down
2026/02/16 00:45:47 [notice] 20#20: gracefully shutting down
2026/02/16 00:45:47 [notice] 20#20: exiting
2026/02/16 00:45:47 [notice] 21#21: gracefully shutting down
2026/02/16 00:45:47 [notice] 24#24: gracefully shutting down
2026/02/16 00:45:47 [notice] 21#21: exiting
2026/02/16 00:45:47 [notice] 20#20: exit
2026/02/16 00:45:47 [notice] 24#24: exiting
2026/02/16 00:45:47 [notice] 21#21: exit
2026/02/16 00:45:47 [notice] 24#24: exit
2026/02/16 00:45:47 [notice] 23#23: gracefully shutting down
2026/02/16 00:45:47 [notice] 26#26: gracefully shutting down
2026/02/16 00:45:47 [notice] 23#23: exiting
2026/02/16 00:45:47 [notice] 26#26: exiting
2026/02/16 00:45:47 [notice] 23#23: exit
2026/02/16 00:45:47 [notice] 26#26: exit
2026/02/16 00:45:47 [notice] 22#22: gracefully shutting down
2026/02/16 00:45:47 [notice] 22#22: exiting
2026/02/16 00:45:47 [notice] 25#25: gracefully shutting down
2026/02/16 00:45:47 [notice] 25#25: exiting
2026/02/16 00:45:47 [notice] 22#22: exit
2026/02/16 00:45:47 [notice] 25#25: exit
2026/02/16 00:45:47 [notice] 27#27: gracefully shutting down
2026/02/16 00:45:47 [notice] 27#27: exiting
2026/02/16 00:45:47 [notice] 27#27: exit
2026/02/16 00:45:47 [notice] 28#28: gracefully shutting down
2026/02/16 00:45:47 [notice] 28#28: exiting
2026/02/16 00:45:47 [notice] 28#28: exit
2026/02/16 00:45:47 [notice] 29#29: gracefully shutting down
2026/02/16 00:45:47 [notice] 29#29: exiting
2026/02/16 00:45:47 [notice] 29#29: exit
2026/02/16 00:45:48 [notice] 1#1: signal 17 (SIGCHLD) received from 26
2026/02/16 00:45:48 [notice] 1#1: worker process 26 exited with code 0
2026/02/16 00:45:48 [notice] 1#1: signal 29 (SIGIO) received
2026/02/16 00:45:48 [notice] 1#1: signal 17 (SIGCHLD) received from 20
2026/02/16 00:45:48 [notice] 1#1: worker process 20 exited with code 0
2026/02/16 00:45:48 [notice] 1#1: signal 29 (SIGIO) received
2026/02/16 00:45:48 [notice] 1#1: signal 17 (SIGCHLD) received from 27
2026/02/16 00:45:48 [notice] 1#1: worker process 25 exited with code 0
2026/02/16 00:45:48 [notice] 1#1: worker process 27 exited with code 0
2026/02/16 00:45:48 [notice] 1#1: signal 29 (SIGIO) received
2026/02/16 00:45:48 [notice] 1#1: signal 17 (SIGCHLD) received from 24
2026/02/16 00:45:48 [notice] 1#1: worker process 24 exited with code 0
2026/02/16 00:45:48 [notice] 1#1: signal 29 (SIGIO) received
2026/02/16 00:45:48 [notice] 1#1: signal 17 (SIGCHLD) received from 28
2026/02/16 00:45:48 [notice] 1#1: worker process 28 exited with code 0
2026/02/16 00:45:48 [notice] 1#1: worker process 22 exited with code 0
2026/02/16 00:45:48 [notice] 1#1: signal 29 (SIGIO) received
2026/02/16 00:45:48 [notice] 1#1: signal 17 (SIGCHLD) received from 22
2026/02/16 00:45:48 [notice] 1#1: signal 17 (SIGCHLD) received from 23
2026/02/16 00:45:48 [notice] 1#1: worker process 23 exited with code 0
2026/02/16 00:45:48 [notice] 1#1: signal 29 (SIGIO) received
2026/02/16 00:45:48 [notice] 1#1: signal 17 (SIGCHLD) received from 29
2026/02/16 00:45:48 [notice] 1#1: worker process 21 exited with code 0
2026/02/16 00:45:48 [notice] 1#1: worker process 29 exited with code 0
2026/02/16 00:45:48 [notice] 1#1: exit
2026/02/22 16:51:12 [notice] 1#1: using the "epoll" event method
2026/02/22 16:51:12 [notice] 1#1: nginx/1.29.5
2026/02/22 16:51:12 [notice] 1#1: built by gcc 15.2.0 (Alpine 15.2.0) 
2026/02/22 16:51:12 [notice] 1#1: OS: Linux 6.17.8-orbstack-00308-g8f9c941121b1
2026/02/22 16:51:12 [notice] 1#1: getrlimit(RLIMIT_NOFILE): 20480:1048576
2026/02/22 16:51:12 [notice] 1#1: start worker processes
2026/02/22 16:51:12 [notice] 1#1: start worker process 20
2026/02/22 16:51:12 [notice] 1#1: start worker process 21
2026/02/22 16:51:12 [notice] 1#1: start worker process 22
2026/02/22 16:51:12 [notice] 1#1: start worker process 23
2026/02/22 16:51:12 [notice] 1#1: start worker process 24
2026/02/22 16:51:12 [notice] 1#1: start worker process 25
2026/02/22 16:51:12 [notice] 1#1: start worker process 26
2026/02/22 16:51:12 [notice] 1#1: start worker process 27
2026/02/22 16:51:12 [notice] 1#1: start worker process 28
2026/02/22 16:51:12 [notice] 1#1: start worker process 29
2026/02/22 16:51:28 [notice] 1#1: signal 3 (SIGQUIT) received, shutting down
2026/02/22 16:51:28 [notice] 20#20: gracefully shutting down
2026/02/22 16:51:28 [notice] 23#23: gracefully shutting down
2026/02/22 16:51:28 [notice] 20#20: exiting
2026/02/22 16:51:28 [notice] 23#23: exiting
2026/02/22 16:51:28 [notice] 22#22: gracefully shutting down
2026/02/22 16:51:28 [notice] 22#22: exiting
2026/02/22 16:51:28 [notice] 23#23: exit
2026/02/22 16:51:28 [notice] 20#20: exit
2026/02/22 16:51:28 [notice] 22#22: exit
2026/02/22 16:51:28 [notice] 21#21: gracefully shutting down
2026/02/22 16:51:28 [notice] 21#21: exiting
2026/02/22 16:51:28 [notice] 21#21: exit
2026/02/22 16:51:28 [notice] 28#28: gracefully shutting down
2026/02/22 16:51:28 [notice] 28#28: exiting
2026/02/22 16:51:28 [notice] 28#28: exit
2026/02/22 16:51:28 [notice] 24#24: gracefully shutting down
2026/02/22 16:51:28 [notice] 24#24: exiting
2026/02/22 16:51:28 [notice] 24#24: exit
2026/02/22 16:51:28 [notice] 29#29: gracefully shutting down
2026/02/22 16:51:28 [notice] 29#29: exiting
2026/02/22 16:51:28 [notice] 25#25: gracefully shutting down
2026/02/22 16:51:28 [notice] 29#29: exit
2026/02/22 16:51:28 [notice] 25#25: exiting
2026/02/22 16:51:28 [notice] 25#25: exit
2026/02/22 16:51:28 [notice] 26#26: gracefully shutting down
2026/02/22 16:51:28 [notice] 26#26: exiting
2026/02/22 16:51:28 [notice] 26#26: exit
2026/02/22 16:51:28 [notice] 27#27: gracefully shutting down
2026/02/22 16:51:28 [notice] 27#27: exiting
2026/02/22 16:51:28 [notice] 27#27: exit
2026/02/22 16:51:28 [notice] 1#1: signal 17 (SIGCHLD) received from 29
2026/02/22 16:51:28 [notice] 1#1: worker process 24 exited with code 0
2026/02/22 16:51:28 [notice] 1#1: worker process 29 exited with code 0
2026/02/22 16:51:28 [notice] 1#1: signal 29 (SIGIO) received
2026/02/22 16:51:28 [notice] 1#1: signal 17 (SIGCHLD) received from 20
2026/02/22 16:51:28 [notice] 1#1: worker process 20 exited with code 0
2026/02/22 16:51:28 [notice] 1#1: signal 29 (SIGIO) received
2026/02/22 16:51:28 [notice] 1#1: signal 17 (SIGCHLD) received from 25
2026/02/22 16:51:28 [notice] 1#1: worker process 23 exited with code 0
2026/02/22 16:51:28 [notice] 1#1: worker process 21 exited with code 0
2026/02/22 16:51:28 [notice] 1#1: worker process 25 exited with code 0
2026/02/22 16:51:28 [notice] 1#1: worker process 26 exited with code 0
2026/02/22 16:51:28 [notice] 1#1: worker process 28 exited with code 0
2026/02/22 16:51:28 [notice] 1#1: signal 17 (SIGCHLD) received from 21
2026/02/22 16:51:28 [notice] 1#1: worker process 22 exited with code 0
2026/02/22 16:51:28 [notice] 1#1: worker process 27 exited with code 0
2026/02/22 16:51:28 [notice] 1#1: exit
2026/02/22 17:09:12 [notice] 1#1: using the "epoll" event method
2026/02/22 17:09:12 [notice] 1#1: nginx/1.29.5
2026/02/22 17:09:12 [notice] 1#1: built by gcc 15.2.0 (Alpine 15.2.0) 
2026/02/22 17:09:12 [notice] 1#1: OS: Linux 6.17.8-orbstack-00308-g8f9c941121b1
2026/02/22 17:09:12 [notice] 1#1: getrlimit(RLIMIT_NOFILE): 20480:1048576
2026/02/22 17:09:12 [notice] 1#1: start worker processes
2026/02/22 17:09:12 [notice] 1#1: start worker process 20
2026/02/22 17:09:12 [notice] 1#1: start worker process 21
2026/02/22 17:09:12 [notice] 1#1: start worker process 22
2026/02/22 17:09:12 [notice] 1#1: start worker process 23
2026/02/22 17:09:12 [notice] 1#1: start worker process 24
2026/02/22 17:09:12 [notice] 1#1: start worker process 25
2026/02/22 17:09:12 [notice] 1#1: start worker process 26
2026/02/22 17:09:12 [notice] 1#1: start worker process 27
2026/02/22 17:09:12 [notice] 1#1: start worker process 28
2026/02/22 17:09:12 [notice] 1#1: start worker process 29
2026/02/22 17:09:28 [notice] 1#1: signal 3 (SIGQUIT) received, shutting down
2026/02/22 17:09:28 [notice] 20#20: gracefully shutting down
2026/02/22 17:09:28 [notice] 21#21: gracefully shutting down
2026/02/22 17:09:28 [notice] 20#20: exiting
2026/02/22 17:09:28 [notice] 21#21: exiting
2026/02/22 17:09:28 [notice] 20#20: exit
2026/02/22 17:09:28 [notice] 21#21: exit
2026/02/22 17:09:28 [notice] 22#22: gracefully shutting down
2026/02/22 17:09:28 [notice] 23#23: gracefully shutting down
2026/02/22 17:09:28 [notice] 22#22: exiting
2026/02/22 17:09:28 [notice] 23#23: exiting
2026/02/22 17:09:28 [notice] 22#22: exit
2026/02/22 17:09:28 [notice] 23#23: exit
2026/02/22 17:09:28 [notice] 24#24: gracefully shutting down
2026/02/22 17:09:28 [notice] 24#24: exiting
2026/02/22 17:09:28 [notice] 24#24: exit
2026/02/22 17:09:28 [notice] 28#28: gracefully shutting down
2026/02/22 17:09:28 [notice] 28#28: exiting
2026/02/22 17:09:28 [notice] 29#29: gracefully shutting down
2026/02/22 17:09:28 [notice] 29#29: exiting
2026/02/22 17:09:28 [notice] 28#28: exit
2026/02/22 17:09:28 [notice] 29#29: exit
2026/02/22 17:09:28 [notice] 27#27: gracefully shutting down
2026/02/22 17:09:28 [notice] 27#27: exiting
2026/02/22 17:09:28 [notice] 26#26: gracefully shutting down
2026/02/22 17:09:28 [notice] 26#26: exiting
2026/02/22 17:09:28 [notice] 27#27: exit
2026/02/22 17:09:28 [notice] 26#26: exit
2026/02/22 17:09:28 [notice] 25#25: gracefully shutting down
2026/02/22 17:09:28 [notice] 25#25: exiting
2026/02/22 17:09:28 [notice] 25#25: exit
2026/02/22 17:09:28 [notice] 1#1: signal 17 (SIGCHLD) received from 21
2026/02/22 17:09:28 [notice] 1#1: worker process 21 exited with code 0
2026/02/22 17:09:28 [notice] 1#1: worker process 23 exited with code 0
2026/02/22 17:09:28 [notice] 1#1: signal 29 (SIGIO) received
2026/02/22 17:09:28 [notice] 1#1: signal 17 (SIGCHLD) received from 20
2026/02/22 17:09:28 [notice] 1#1: worker process 20 exited with code 0
2026/02/22 17:09:28 [notice] 1#1: signal 29 (SIGIO) received
2026/02/22 17:09:28 [notice] 1#1: signal 17 (SIGCHLD) received from 24
2026/02/22 17:09:28 [notice] 1#1: worker process 24 exited with code 0
2026/02/22 17:09:28 [notice] 1#1: signal 29 (SIGIO) received
2026/02/22 17:09:28 [notice] 1#1: signal 17 (SIGCHLD) received from 22
2026/02/22 17:09:28 [notice] 1#1: worker process 22 exited with code 0
2026/02/22 17:09:28 [notice] 1#1: signal 29 (SIGIO) received
2026/02/22 17:09:28 [notice] 1#1: signal 17 (SIGCHLD) received from 27
2026/02/22 17:09:28 [notice] 1#1: worker process 27 exited with code 0
2026/02/22 17:09:28 [notice] 1#1: signal 29 (SIGIO) received
2026/02/22 17:09:28 [notice] 1#1: signal 17 (SIGCHLD) received from 25
2026/02/22 17:09:28 [notice] 1#1: worker process 25 exited with code 0
2026/02/22 17:09:28 [notice] 1#1: worker process 26 exited with code 0
2026/02/22 17:09:28 [notice] 1#1: worker process 28 exited with code 0
2026/02/22 17:09:28 [notice] 1#1: signal 17 (SIGCHLD) received from 28
2026/02/22 17:09:28 [notice] 1#1: signal 17 (SIGCHLD) received from 29
2026/02/22 17:09:28 [notice] 1#1: worker process 29 exited with code 0
2026/02/22 17:09:28 [notice] 1#1: exit
